// Jest Snapshot v1, https://goo.gl/fbAQLP

exports[`Frogs component renders Frogs 1`] = `
<DocumentFragment>
  <form
    class="Frogs"
  >
    <label
      for="fname"
    >
      Name:
      <input
        id="fname"
        name="fname"
        placeholder="Desert rain frog"
        value=""
      />
    </label>
    <label
      for="fimage"
    >
      Image:
      <input
        id="fimage"
        name="fimage"
        placeholder="https://bit.ly/3jSq7r9"
        value=""
      />
    </label>
    <label
      for="fdescription"
    >
      Description:
      <input
        id="fdescription"
        name="fdescription"
        placeholder="A species of frog in the family Brevicipitidae."
        value=""
      />
    </label>
    <button>
      Submit
    </button>
  </form>
</DocumentFragment>
`;
